00:00 +0: loading D:/flutter Projects/itqan_app/test/features/plan/plan_service_test.dart
00:00 +0: D:/flutter Projects/itqan_app/test/features/plan/plan_service_test.dart: PlanService - Assignment Generation generates first assignment starting at currentPosition
00:00 +1: D:/flutter Projects/itqan_app/test/features/plan/plan_service_test.dart: PlanService - Assignment Generation advances memoStart to next position if previous work was done
00:00 +2: D:/flutter Projects/itqan_app/test/features/plan/plan_service_test.dart: PlanService - Assignment Generation calculates end position correctly (inclusive)
00:00 +3: D:/flutter Projects/itqan_app/test/features/plan/plan_service_test.dart: PlanService - Assignment Generation crosses surah boundary correctly
00:00 +4: D:/flutter Projects/itqan_app/test/features/progress/progress_service_test.dart: ProgressService - Streak Logic calculateCurrentStreak returns 0 for empty assignments
00:00 +5: D:/flutter Projects/itqan_app/test/features/progress/progress_service_test.dart: ProgressService - Streak Logic calculateCurrentStreak counts consecutive completed days
00:00 +6: D:/flutter Projects/itqan_app/test/features/progress/progress_service_test.dart: ProgressService - Streak Logic calculateCurrentStreak does not break if today is incomplete but yesterday was done
00:00 +7: D:/flutter Projects/itqan_app/test/features/progress/progress_service_test.dart: ProgressService - Streak Logic calculateCurrentStreak breaks if yesterday was incomplete
00:00 +8: D:/flutter Projects/itqan_app/test/features/progress/progress_service_test.dart: ProgressService - Streak Logic calculateCurrentStreak returns 0 if yesterday was incomplete and today is incomplete
00:00 +9: D:/flutter Projects/itqan_app/test/features/progress/progress_service_test.dart: ProgressService - Recent Activity computes activity within 7-day window
00:00 +10 -1: loading D:/flutter Projects/itqan_app/test/features/progress/segment_progress_repository_test.dart [E]
  Failed to load "D:/flutter Projects/itqan_app/test/features/progress/segment_progress_repository_test.dart":
  Compilation failed for testPath=D:/flutter Projects/itqan_app/test/features/progress/segment_progress_repository_test.dart: test/features/progress/segment_progress_repository_test.dart:15:33: Error: Method not found: 'DatabaseConnection'.
      db = AppDatabase.forTesting(DatabaseConnection(NativeDatabase.memory()));
                                  ^^^^^^^^^^^^^^^^^^
  .
00:00 +10 -1: D:/flutter Projects/itqan_app/test/features/progress/segment_progress_policy_test.dart: SegmentProgressPolicy easy returns stable/3/+3 days
00:00 +11 -1: D:/flutter Projects/itqan_app/test/features/progress/segment_progress_policy_test.dart: SegmentProgressPolicy good returns stabilizing/2/+1 day
00:00 +12 -1: D:/flutter Projects/itqan_app/test/features/progress/segment_progress_policy_test.dart: SegmentProgressPolicy hard returns weak/1/+1 day
00:00 +13 -1: D:/flutter Projects/itqan_app/test/features/progress/segment_progress_policy_test.dart: SegmentProgressPolicy again returns needsRetry/0/now
00:01 +14 -1: D:/flutter Projects/itqan_app/test/features/session/session_service_test.dart: SessionService - Complete Session (Phase 3) memorization + easy creates segment progress with stable/3
00:01 +15 -1: D:/flutter Projects/itqan_app/test/features/session/session_service_test.dart: SessionService - Complete Session (Phase 3) memorization + good creates segment progress with stabilizing/2
00:01 +16 -1: D:/flutter Projects/itqan_app/test/features/session/session_service_test.dart: SessionService - Complete Session (Phase 3) memorization + hard creates segment progress with weak/1
00:01 +17 -1: D:/flutter Projects/itqan_app/test/features/session/session_service_test.dart: SessionService - Complete Session (Phase 3) memorization + again creates segment progress with needsRetry/0 and DOES NOT advance pointer
00:01 +18 -1: D:/flutter Projects/itqan_app/test/features/session/session_service_test.dart: SessionService - Complete Session (Phase 3) repeated session for same range updates existing segment progress
00:01 +19 -1: D:/flutter Projects/itqan_app/test/features/session/session_service_test.dart: SessionService - Complete Session (Phase 3) review sessions without specific range do not create segment progress
00:01 +20 -1: D:/flutter Projects/itqan_app/test/features/session/session_service_test.dart: SessionService - Complete Session (Phase 3) near review sessions with specific range create segment progress and DO NOT advance assignment review
00:01 +21 -1: D:/flutter Projects/itqan_app/test/features/setup/previous_memorization_service_test.dart: rangesFromEntry ظô PreviousJuzEntry (full) Juz 1 produces ranges for Al-Fatiha and Al-Baqarah 1ظô141
00:01 +22 -1: D:/flutter Projects/itqan_app/test/features/setup/previous_memorization_service_test.dart: rangesFromEntry ظô PreviousJuzEntry (full) Juz 2 produces a single range (all within Al-Baqarah)
00:01 +23 -1: D:/flutter Projects/itqan_app/test/features/setup/previous_memorization_service_test.dart: rangesFromEntry ظô PreviousJuzEntry (full) Juz 30 produces multiple ranges across short surahs
00:01 +24 -1: D:/flutter Projects/itqan_app/test/features/setup/previous_memorization_service_test.dart: rangesFromEntry ظô PreviousJuzEntry (full) Full Juz (customizedCoverage == null) derives full ranges
00:01 +25 -1: D:/flutter Projects/itqan_app/test/features/setup/previous_memorization_service_test.dart: rangesFromEntry ظô PreviousJuzEntry (customized) Customized Juz with all full produces same ranges as full Juz
00:01 +26 -1: D:/flutter Projects/itqan_app/test/features/setup/previous_memorization_service_test.dart: rangesFromEntry ظô PreviousJuzEntry (customized) Customized Juz with partial and none derives correct ranges
00:01 +27 -1: D:/flutter Projects/itqan_app/test/features/setup/previous_memorization_service_test.dart: rangesFromEntry ظô PreviousJuzEntry (customized) Customized Juz with all none produces no ranges
00:01 +28 -1: D:/flutter Projects/itqan_app/test/features/setup/previous_memorization_service_test.dart: rangesFromEntry ظô PreviousJuzEntry (customized) Deleting a customized Juz removes all derived ranges
00:01 +29 -1: D:/flutter Projects/itqan_app/test/features/setup/previous_memorization_service_test.dart: rangesFromEntry ظô PreviousSurahEntry Whole surah produces one range covering all ayahs
00:01 +30 -1: D:/flutter Projects/itqan_app/test/features/setup/previous_memorization_service_test.dart: rangesFromEntry ظô PreviousSurahEntry Partial surah produces one range with specified ayahs
00:01 +31 -1: D:/flutter Projects/itqan_app/test/features/setup/previous_memorization_service_test.dart: rangesFromEntry ظô PreviousSurahEntry Whole surah ignores fromAyah/toAyah even if provided
00:01 +32 -1: D:/flutter Projects/itqan_app/test/features/setup/previous_memorization_service_test.dart: rangesFromEntry ظô PreviousBulkSurahEntry Derives multiple whole surah ranges
00:01 +33 -1: D:/flutter Projects/itqan_app/test/features/setup/previous_memorization_service_test.dart: rangesFromEntry ظô PreviousBulkSurahEntry Derives partial ranges and ignores none coverage
00:01 +34 -1: D:/flutter Projects/itqan_app/test/features/setup/previous_memorization_service_test.dart: rangesFromEntry ظô PreviousBulkSurahEntry Bulk selection rejects overlapping surahs
00:01 +35 -1: D:/flutter Projects/itqan_app/test/features/setup/previous_memorization_service_test.dart: rangesFromEntries Multiple entries produce sorted, combined ranges
00:01 +36 -1: D:/flutter Projects/itqan_app/test/features/setup/previous_memorization_service_test.dart: rangesFromEntries Empty entries produces empty ranges
00:01 +37 -1: D:/flutter Projects/itqan_app/test/features/setup/previous_memorization_service_test.dart: validateRange Valid range does not throw
00:01 +38 -1: D:/flutter Projects/itqan_app/test/features/setup/previous_memorization_service_test.dart: validateRange Equal from and to does not throw
00:01 +39 -1: D:/flutter Projects/itqan_app/test/features/setup/previous_memorization_service_test.dart: validateRange Invalid range (from > to) throws InvalidRangeException
00:01 +40 -1: D:/flutter Projects/itqan_app/test/features/setup/previous_memorization_service_test.dart: validateCoverage Full and none coverage passes validation
00:01 +41 -1: D:/flutter Projects/itqan_app/test/features/setup/previous_memorization_service_test.dart: validateCoverage Valid partial coverage passes validation
00:01 +42 -1: D:/flutter Projects/itqan_app/test/features/setup/previous_memorization_service_test.dart: validateCoverage Partial coverage with from > to throws InvalidRangeException
00:01 +43 -1: D:/flutter Projects/itqan_app/test/features/setup/previous_memorization_service_test.dart: validateCoverage Partial coverage outside segment bounds throws OutOfBoundsException
00:01 +44 -1: D:/flutter Projects/itqan_app/test/features/setup/previous_memorization_service_test.dart: validateCoverage Partial coverage with null ayahs throws InvalidRangeException
00:01 +45 -1: D:/flutter Projects/itqan_app/test/features/setup/previous_memorization_service_test.dart: validateEntryNoOverlap Non-overlapping entries pass validation
00:01 +46 -1: D:/flutter Projects/itqan_app/test/features/setup/previous_memorization_service_test.dart: validateEntryNoOverlap Overlapping surah entries throw RangeOverlapException
00:01 +47 -1: D:/flutter Projects/itqan_app/test/features/setup/previous_memorization_service_test.dart: validateEntryNoOverlap Overlapping juz and surah entries throw RangeOverlapException
00:01 +48 -1: D:/flutter Projects/itqan_app/test/features/setup/previous_memorization_service_test.dart: validateEntryNoOverlap Adjacent but non-overlapping entries pass
00:01 +49 -1: D:/flutter Projects/itqan_app/test/features/setup/previous_memorization_service_test.dart: validateEntryNoOverlapExcluding Editing surah entry validates against other entries only
00:01 +50 -1: D:/flutter Projects/itqan_app/test/features/setup/previous_memorization_service_test.dart: validateEntryNoOverlapExcluding Editing surah entry to overlap with another entry throws
00:01 +51 -1: D:/flutter Projects/itqan_app/test/features/setup/previous_memorization_service_test.dart: validateEntryNoOverlapExcluding Customizing Juz entry validates against other entries
00:01 +52 -1: D:/flutter Projects/itqan_app/test/features/setup/previous_memorization_service_test.dart: validateEntryNoOverlapExcluding Resetting customized Juz to full validates overlap
00:01 +53 -1: D:/flutter Projects/itqan_app/test/features/setup/previous_memorization_service_test.dart: buildDefaultCoverage Produces correct number of segments for Juz 1
00:01 +54 -1: D:/flutter Projects/itqan_app/test/features/setup/previous_memorization_service_test.dart: buildDefaultCoverage Produces single segment for Juz within one surah
00:01 +55 -1: D:/flutter Projects/itqan_app/test/features/setup/previous_memorization_service_test.dart: suggestStartPosition Empty ranges suggest beginning of Quran
00:01 +56 -1: D:/flutter Projects/itqan_app/test/features/setup/previous_memorization_service_test.dart: suggestStartPosition After Al-Fatiha suggests Al-Baqarah ayah 1
00:01 +57 -1: D:/flutter Projects/itqan_app/test/features/setup/previous_memorization_service_test.dart: suggestStartPosition After partial surah suggests next ayah
00:01 +58 -1: D:/flutter Projects/itqan_app/test/features/setup/previous_memorization_service_test.dart: suggestStartPosition Multiple entries suggest position after the latest range
00:01 +59 -1: D:/flutter Projects/itqan_app/test/features/setup/previous_memorization_service_test.dart: getJuzAvailability Returns available when no entries exist
00:01 +60 -1: D:/flutter Projects/itqan_app/test/features/setup/previous_memorization_service_test.dart: getJuzAvailability Returns fullyCovered when Juz is already added
00:01 +61 -1: D:/flutter Projects/itqan_app/test/features/setup/previous_memorization_service_test.dart: getJuzAvailability Returns partiallyCovered when some surahs from Juz are added
00:01 +62 -1: D:/flutter Projects/itqan_app/test/features/setup/previous_memorization_service_test.dart: getJuzAvailability Returns available for Juz 2 when only Juz 1 is added
00:01 +63 -1: D:/flutter Projects/itqan_app/test/features/setup/previous_memorization_service_test.dart: getJuzAvailability Returns fullyCovered when all surahs in Juz are individually added
00:01 +64 -1: D:/flutter Projects/itqan_app/test/features/setup/previous_memorization_service_test.dart: getSurahAvailability Returns available when no entries exist
00:01 +65 -1: D:/flutter Projects/itqan_app/test/features/setup/previous_memorization_service_test.dart: getSurahAvailability Returns fullyCovered when whole surah is already added
00:01 +66 -1: D:/flutter Projects/itqan_app/test/features/setup/previous_memorization_service_test.dart: getSurahAvailability Returns partiallyCovered when partial surah is added
00:01 +67 -1: D:/flutter Projects/itqan_app/test/features/setup/previous_memorization_service_test.dart: getSurahAvailability Returns fullyCovered when surah is covered by a Juz entry
00:01 +68 -1: D:/flutter Projects/itqan_app/test/features/setup/previous_memorization_service_test.dart: getSurahAvailability Returns partiallyCovered when surah is partially covered by a Juz
00:01 +69 -1: D:/flutter Projects/itqan_app/test/features/setup/previous_memorization_service_test.dart: getSurahAvailability Returns available for unrelated surah
00:01 +70 -1: D:/flutter Projects/itqan_app/test/features/setup/setup_controller_test.dart: SetupController State preservation when toggling hasPreviousMemorization
00:01 +71 -1: D:/flutter Projects/itqan_app/test/features/setup/setup_controller_test.dart: SetupController Bulk surah entry creation and update
00:01 +72 -1: D:/flutter Projects/itqan_app/test/features/setup/setup_controller_test.dart: SetupController updateBulkSurahEntry rejects empty effective coverage
00:01 +73 -1: Some tests failed.
